.github/workflows/protobuf.yml
.gitignore
Makefile
README.md
buf.gen.yaml
buf.yaml
cmd/server/main.go
configs/local.yaml
go.mod
internal/config/config.go
internal/config/config_test.go
internal/errcode/catalog.go
internal/managementx/management.go
internal/rpcclient/clients.gen.go
internal/securityx/security.go
internal/service/service.go
internal/tooldeps/deps.go
internal/transport/grpc/external.gen.go
internal/transport/grpc/register.gen.go
internal/transport/grpc/register.go
