.gitignore
Makefile
README.md
api/http/model/doc.go
api/http/openapi.yaml
api/proto/demo_app/v1/service.proto
buf.gen.yaml
buf.yaml
cmd/server/main.go
configs/local.yaml
go.mod
internal/service/service.go
internal/transport/grpc/register.gen.go
internal/transport/grpc/register.go
internal/transport/http/routes.gen.go
internal/transport/http/routes.go
